Failed to send telemetry event ClientStartEvent: capture() takes 1 positional argument but 3 were given
INFO:     Started server process [25658]
INFO:     Waiting for application startup.
INFO:     Application startup complete.
INFO:     Uvicorn running on http://0.0.0.0:8000 (Press CTRL+C to quit)
INFO:     127.0.0.1:56147 - "HEAD /api/v1/openapi.json HTTP/1.1" 200 OK
INFO:     127.0.0.1:56180 - "OPTIONS /api/v1/users/ HTTP/1.1" 200 OK
INFO:     127.0.0.1:56180 - "POST /api/v1/users/ HTTP/1.1" 500 Internal Server Error
ERROR:    Exception in ASGI application
Traceback (most recent call last):
  File "/Users/nandanp/Desktop/Gen ai/faqflow-ai/backend/venv/lib/python3.10/site-packages/sqlalchemy/orm/clsregistry.py", line 515, in _resolve_name
    rval = d[token]
  File "/Users/nandanp/Desktop/Gen ai/faqflow-ai/backend/venv/lib/python3.10/site-packages/sqlalchemy/util/_collections.py", line 346, in __missing__
    self[key] = val = self.creator(key)
  File "/Users/nandanp/Desktop/Gen ai/faqflow-ai/backend/venv/lib/python3.10/site-packages/sqlalchemy/orm/clsregistry.py", line 483, in _access_cls
    return self.fallback[key]
KeyError: 'Organization'

The above exception was the direct cause of the following exception:

Traceback (most recent call last):
  File "/Users/nandanp/Desktop/Gen ai/faqflow-ai/backend/venv/lib/python3.10/site-packages/uvicorn/protocols/http/httptools_impl.py", line 419, in run_asgi
    result = await app(  # type: ignore[func-returns-value]
  File "/Users/nandanp/Desktop/Gen ai/faqflow-ai/backend/venv/lib/python3.10/site-packages/uvicorn/middleware/proxy_headers.py", line 84, in __call__
    return await self.app(scope, receive, send)
  File "/Users/nandanp/Desktop/Gen ai/faqflow-ai/backend/venv/lib/python3.10/site-packages/fastapi/applications.py", line 1054, in __call__
    await super().__call__(scope, receive, send)
  File "/Users/nandanp/Desktop/Gen ai/faqflow-ai/backend/venv/lib/python3.10/site-packages/starlette/applications.py", line 123, in __call__
    await self.middleware_stack(scope, receive, send)
  File "/Users/nandanp/Desktop/Gen ai/faqflow-ai/backend/venv/lib/python3.10/site-packages/starlette/middleware/errors.py", line 186, in __call__
    raise exc
  File "/Users/nandanp/Desktop/Gen ai/faqflow-ai/backend/venv/lib/python3.10/site-packages/starlette/middleware/errors.py", line 164, in __call__
    await self.app(scope, receive, _send)
  File "/Users/nandanp/Desktop/Gen ai/faqflow-ai/backend/venv/lib/python3.10/site-packages/starlette/middleware/cors.py", line 91, in __call__
    await self.simple_response(scope, receive, send, request_headers=headers)
  File "/Users/nandanp/Desktop/Gen ai/faqflow-ai/backend/venv/lib/python3.10/site-packages/starlette/middleware/cors.py", line 146, in simple_response
    await self.app(scope, receive, send)
  File "/Users/nandanp/Desktop/Gen ai/faqflow-ai/backend/venv/lib/python3.10/site-packages/starlette/middleware/exceptions.py", line 62, in __call__
    await wrap_app_handling_exceptions(self.app, conn)(scope, receive, send)
  File "/Users/nandanp/Desktop/Gen ai/faqflow-ai/backend/venv/lib/python3.10/site-packages/starlette/_exception_handler.py", line 64, in wrapped_app
    raise exc
  File "/Users/nandanp/Desktop/Gen ai/faqflow-ai/backend/venv/lib/python3.10/site-packages/starlette/_exception_handler.py", line 53, in wrapped_app
    await app(scope, receive, sender)
  File "/Users/nandanp/Desktop/Gen ai/faqflow-ai/backend/venv/lib/python3.10/site-packages/starlette/routing.py", line 758, in __call__
    await self.middleware_stack(scope, receive, send)
  File "/Users/nandanp/Desktop/Gen ai/faqflow-ai/backend/venv/lib/python3.10/site-packages/starlette/routing.py", line 778, in app
    await route.handle(scope, receive, send)
  File "/Users/nandanp/Desktop/Gen ai/faqflow-ai/backend/venv/lib/python3.10/site-packages/starlette/routing.py", line 299, in handle
    await self.app(scope, receive, send)
  File "/Users/nandanp/Desktop/Gen ai/faqflow-ai/backend/venv/lib/python3.10/site-packages/starlette/routing.py", line 79, in app
    await wrap_app_handling_exceptions(app, request)(scope, receive, send)
  File "/Users/nandanp/Desktop/Gen ai/faqflow-ai/backend/venv/lib/python3.10/site-packages/starlette/_exception_handler.py", line 64, in wrapped_app
    raise exc
  File "/Users/nandanp/Desktop/Gen ai/faqflow-ai/backend/venv/lib/python3.10/site-packages/starlette/_exception_handler.py", line 53, in wrapped_app
    await app(scope, receive, sender)
  File "/Users/nandanp/Desktop/Gen ai/faqflow-ai/backend/venv/lib/python3.10/site-packages/starlette/routing.py", line 74, in app
    response = await func(request)
  File "/Users/nandanp/Desktop/Gen ai/faqflow-ai/backend/venv/lib/python3.10/site-packages/fastapi/routing.py", line 299, in app
    raise e
  File "/Users/nandanp/Desktop/Gen ai/faqflow-ai/backend/venv/lib/python3.10/site-packages/fastapi/routing.py", line 294, in app
    raw_response = await run_endpoint_function(
  File "/Users/nandanp/Desktop/Gen ai/faqflow-ai/backend/venv/lib/python3.10/site-packages/fastapi/routing.py", line 193, in run_endpoint_function
    return await run_in_threadpool(dependant.call, **values)
  File "/Users/nandanp/Desktop/Gen ai/faqflow-ai/backend/venv/lib/python3.10/site-packages/starlette/concurrency.py", line 42, in run_in_threadpool
    return await anyio.to_thread.run_sync(func, *args)
  File "/Users/nandanp/Desktop/Gen ai/faqflow-ai/backend/venv/lib/python3.10/site-packages/anyio/to_thread.py", line 63, in run_sync
    return await get_async_backend().run_sync_in_worker_thread(
  File "/Users/nandanp/Desktop/Gen ai/faqflow-ai/backend/venv/lib/python3.10/site-packages/anyio/_backends/_asyncio.py", line 2518, in run_sync_in_worker_thread
    return await future
  File "/Users/nandanp/Desktop/Gen ai/faqflow-ai/backend/venv/lib/python3.10/site-packages/anyio/_backends/_asyncio.py", line 1002, in run
    result = context.run(func, *args)
  File "/Users/nandanp/Desktop/Gen ai/faqflow-ai/backend/app/api/endpoints/users.py", line 21, in create_user
    user = db.query(UserModel).filter(UserModel.email == user_in.email).first()
  File "/Users/nandanp/Desktop/Gen ai/faqflow-ai/backend/venv/lib/python3.10/site-packages/sqlalchemy/orm/session.py", line 2912, in query
    return self._query_cls(entities, self, **kwargs)
  File "/Users/nandanp/Desktop/Gen ai/faqflow-ai/backend/venv/lib/python3.10/site-packages/sqlalchemy/orm/query.py", line 276, in __init__
    self._set_entities(entities)
  File "/Users/nandanp/Desktop/Gen ai/faqflow-ai/backend/venv/lib/python3.10/site-packages/sqlalchemy/orm/query.py", line 288, in _set_entities
    self._raw_columns = [
  File "/Users/nandanp/Desktop/Gen ai/faqflow-ai/backend/venv/lib/python3.10/site-packages/sqlalchemy/orm/query.py", line 289, in <listcomp>
    coercions.expect(
  File "/Users/nandanp/Desktop/Gen ai/faqflow-ai/backend/venv/lib/python3.10/site-packages/sqlalchemy/sql/coercions.py", line 406, in expect
    insp._post_inspect
  File "/Users/nandanp/Desktop/Gen ai/faqflow-ai/backend/venv/lib/python3.10/site-packages/sqlalchemy/util/langhelpers.py", line 1260, in __get__
    obj.__dict__[self.__name__] = result = self.fget(obj)
  File "/Users/nandanp/Desktop/Gen ai/faqflow-ai/backend/venv/lib/python3.10/site-packages/sqlalchemy/orm/mapper.py", line 2707, in _post_inspect
    self._check_configure()
  File "/Users/nandanp/Desktop/Gen ai/faqflow-ai/backend/venv/lib/python3.10/site-packages/sqlalchemy/orm/mapper.py", line 2386, in _check_configure
    _configure_registries({self.registry}, cascade=True)
  File "/Users/nandanp/Desktop/Gen ai/faqflow-ai/backend/venv/lib/python3.10/site-packages/sqlalchemy/orm/mapper.py", line 4199, in _configure_registries
    _do_configure_registries(registries, cascade)
  File "/Users/nandanp/Desktop/Gen ai/faqflow-ai/backend/venv/lib/python3.10/site-packages/sqlalchemy/orm/mapper.py", line 4240, in _do_configure_registries
    mapper._post_configure_properties()
  File "/Users/nandanp/Desktop/Gen ai/faqflow-ai/backend/venv/lib/python3.10/site-packages/sqlalchemy/orm/mapper.py", line 2403, in _post_configure_properties
    prop.init()
  File "/Users/nandanp/Desktop/Gen ai/faqflow-ai/backend/venv/lib/python3.10/site-packages/sqlalchemy/orm/interfaces.py", line 579, in init
    self.do_init()
  File "/Users/nandanp/Desktop/Gen ai/faqflow-ai/backend/venv/lib/python3.10/site-packages/sqlalchemy/orm/relationships.py", line 1638, in do_init
    self._setup_entity()
  File "/Users/nandanp/Desktop/Gen ai/faqflow-ai/backend/venv/lib/python3.10/site-packages/sqlalchemy/orm/relationships.py", line 1852, in _setup_entity
    self._clsregistry_resolve_name(argument)(),
  File "/Users/nandanp/Desktop/Gen ai/faqflow-ai/backend/venv/lib/python3.10/site-packages/sqlalchemy/orm/clsregistry.py", line 519, in _resolve_name
    self._raise_for_name(name, err)
  File "/Users/nandanp/Desktop/Gen ai/faqflow-ai/backend/venv/lib/python3.10/site-packages/sqlalchemy/orm/clsregistry.py", line 500, in _raise_for_name
    raise exc.InvalidRequestError(
sqlalchemy.exc.InvalidRequestError: When initializing mapper Mapper[User(users)], expression 'Organization' failed to locate a name ('Organization'). If this is a class name, consider adding this relationship() to the <class 'app.models.user.User'> class after both dependent classes have been defined.
INFO:     Shutting down
INFO:     Waiting for application shutdown.
INFO:     Application shutdown complete.
INFO:     Finished server process [25658]
